2026.09.16 10:58:23 INFO  Started: Metals version 1.6.9 in folders 'C:\Users\sarac\OneDrive\Escritorio\practica-scala\parte1\vscode\scala-vscode' for client Visual Studio Code 1.137.0.
2026.09.16 10:58:23 INFO  Memory monitor started
2026.09.16 10:58:24 WARN  Using H2 2.5.250 which is newer than the version Flyway has been verified with. The latest verified version of H2 is 2.3.232.
2026.09.16 10:58:24 INFO  no build target found for C:\Users\sarac\OneDrive\Escritorio\practica-scala\parte1\vscode\scala-vscode\build.sbt. Using presentation compiler with project's scala-library version: 3.3.8
sept 16, 2026 10:58:29 A. M. org.eclipse.lsp4j.jsonrpc.RemoteEndpoint handleCancellation
ADVERTENCIA: Unmatched cancel notification for request id 2
sept 16, 2026 10:58:29 A. M. org.eclipse.lsp4j.jsonrpc.RemoteEndpoint handleCancellation
ADVERTENCIA: Unmatched cancel notification for request id 1
sept 16, 2026 10:58:29 A. M. org.eclipse.lsp4j.jsonrpc.RemoteEndpoint handleCancellation
ADVERTENCIA: Unmatched cancel notification for request id 5
2026.09.16 10:58:29 INFO  no build target found for C:\Users\sarac\OneDrive\Escritorio\practica-scala\parte1\vscode\scala-vscode\build.sbt. Using presentation compiler with project's scala-library version: 3.3.8
2026.09.16 10:58:32 WARN  Could not find semantic tokens for: file:///C:/Users/sarac/OneDrive/Escritorio/practica-scala/parte1/vscode/scala-vscode/build.sbt
2026.09.16 11:00:15 INFO  running 'C:\Users\sarac\AppData\Local\Programs\Eclipse Adoptium\jdk-17.0.20.101-hotspot\bin\java.exe -Djline.terminal=jline.UnsupportedTerminal -Dsbt.log.noformat=true -Dfile.encoding=UTF-8 -Dsbt.version=1.13.0 -jar C:\Users\sarac\AppData\Local\Temp\metals6488408908996187160\sbt-launch.jar -Dbloop.export-jar-classifiers=sources -Dbloop.export-meta-build=true bloopInstall'
2026.09.16 11:00:16 ERROR [info] [launcher] getting org.scala-sbt sbt 1.13.0  (this may take some time)...
2026.09.16 11:00:16 INFO  no build target found for C:\Users\sarac\OneDrive\Escritorio\practica-scala\parte1\vscode\scala-vscode\project\metals.sbt. Using presentation compiler with project's scala-library version: 3.3.8
2026.09.16 11:00:16 WARN  no build target for: C:\Users\sarac\OneDrive\Escritorio\practica-scala\parte1\vscode\scala-vscode\project\metals.sbt
2026.09.16 11:00:16 WARN  no build target for: C:\Users\sarac\OneDrive\Escritorio\practica-scala\parte1\vscode\scala-vscode\project\project\metals.sbt
2026.09.16 11:00:16 INFO  no build target found for C:\Users\sarac\OneDrive\Escritorio\practica-scala\parte1\vscode\scala-vscode\project\project\metals.sbt. Using presentation compiler with project's scala-library version: 3.3.8
2026.09.16 11:00:24 ERROR [info] [launcher] getting Scala 2.12.21 (for sbt)...
2026.09.16 11:00:26 INFO  [info] Updated file C:\Users\sarac\OneDrive\Escritorio\practica-scala\parte1\vscode\scala-vscode\project\build.properties: set sbt.version to 1.13.0
2026.09.16 11:00:26 INFO  [info] welcome to sbt 1.13.0 (Eclipse Adoptium Java 17.0.20.1)
2026.09.16 11:00:29 INFO  [info] loading settings for project scala-vscode-build-build from metals.sbt...
2026.09.16 11:00:29 INFO  [info] loading project definition from C:\Users\sarac\OneDrive\Escritorio\practica-scala\parte1\vscode\scala-vscode\project\project
2026.09.16 11:00:33 INFO  [info] loading settings for project scala-vscode-build from metals.sbt...
2026.09.16 11:00:33 INFO  [info] loading project definition from C:\Users\sarac\OneDrive\Escritorio\practica-scala\parte1\vscode\scala-vscode\project
2026.09.16 11:00:39 INFO  [success] Generated .bloop\scala-vscode-build.json
2026.09.16 11:00:39 INFO  [success] Total time: 6 s, completed 16 sept 2026 11:00:39
2026.09.16 11:00:41 INFO  [info] loading settings for project scala-vscode from build.sbt...
2026.09.16 11:00:41 INFO  [info] set current project to scala-vscode (in build file:/C:/Users/sarac/OneDrive/Escritorio/practica-scala/parte1/vscode/scala-vscode/)
2026.09.16 11:00:41 INFO  [success] Generated .bloop\scala-vscode.json
2026.09.16 11:00:41 INFO  [success] Generated .bloop\scala-vscode-test.json
2026.09.16 11:00:41 INFO  [success] Total time: 1 s, completed 16 sept 2026 11:00:42
2026.09.16 11:00:42 INFO  time: ran 'sbt bloopInstall' in 26s
2026.09.16 11:00:42 INFO  Attempting to connect to the build server...
2026.09.16 11:00:42 INFO  No running Bloop server found, starting one.
2026.09.16 11:00:48 INFO  Starting compilation server
2026.09.16 11:00:50 INFO  Tracing is disabled for protocol BSP. To enable tracing of incoming and outgoing JSON messages, create an empty file at C:\Users\sarac\OneDrive\Escritorio\practica-scala\parte1\vscode\scala-vscode\.metals\bsp.trace.json or C:\Users\sarac\AppData\Local\scalameta\metals\cache\bsp.trace.json
2026.09.16 11:00:54 INFO  Attempting to connect to the build server...
2026.09.16 11:00:54 INFO  Found a Bloop server running
2026.09.16 11:00:54 INFO  Tracing is disabled for protocol BSP. To enable tracing of incoming and outgoing JSON messages, create an empty file at C:\Users\sarac\OneDrive\Escritorio\practica-scala\parte1\vscode\scala-vscode\project\.metals\bsp.trace.json or C:\Users\sarac\AppData\Local\scalameta\metals\cache\bsp.trace.json
2026.09.16 11:00:54 INFO  time: Connected to build server in 12s
2026.09.16 11:00:54 INFO  Connected to Build server: Bloop v2.1.2
2026.09.16 11:00:54 INFO  time: Imported build in 0.23s
2026.09.16 11:01:01 WARN  Using H2 2.5.250 which is newer than the version Flyway has been verified with. The latest verified version of H2 is 2.3.232.
2026.09.16 11:01:24 INFO  time: indexed workspace in 29s
sept 16, 2026 11:06:18 A. M. org.eclipse.lsp4j.jsonrpc.services.GenericEndpoint notify
INFORMACIÓN: Unsupported notification method: $/setTrace
2026.09.16 11:11:02 INFO  compiling scala-vscode (1 scala source)
2026.09.16 11:11:02 INFO  Non-compiled module 'compiler-bridge_2.12' for Scala 2.12.21. Compiling...
2026.09.16 11:11:21 INFO  Compilation completed in 19.279s.
2026.09.16 11:11:28 INFO  time: compiled scala-vscode in 26s
2026.09.16 11:11:28 INFO  compiling scala-vscode (1 scala source)
2026.09.16 11:11:30 INFO  time: compiled scala-vscode in 1.88s
